
> hoard@0.1.0 build
> next build

Γû▓ Next.js 16.1.6 (Turbopack)
- Environments: .env.local

  Creating an optimized production build ...
Γ£ô Compiled successfully in 9.8s
  Running TypeScript ...
node.exe : Failed to compile.
At line:1 char:1
+ & "C:\Program Files\nodejs/node.exe" 
"C:\Program Files\nodejs/node_mo ...
+ ~~~~~~~~~~~~~~~~~~~~~~~~~~~~~~~~~~~~~
~~~~~~~~~~~~~~~~~~~~~~~~~~~~~~~~
    + CategoryInfo          : NotSpeci 
   fied: (Failed to compile.:String)   
  [], RemoteException
    + FullyQualifiedErrorId : NativeCo 
   mmandError
 

./src/app/(dashboard)/admin/hoardings/p
age.tsx:131:27
Type error: Type '"glass"' is not 
assignable to type 'CardVariant | 
undefined'.

[0m [90m 129 |[39m                  
   [33m<[39m[33m/[39m[33mdiv[39m
[33m>[39m
 [90m 130 |[39m                 ) 
[33m:[39m 
filteredHoardings[33m.[39mlength 
[33m===[39m [35m0[39m [33m?[39m (
[31m[1m>[22m[39m[90m 131 |[39m   
                  
[33m<[39m[33mCard[39m 
variant[33m=[39m[32m"glass"[39m 
className[33m=[39m[32m"p-12 
text-center"[39m[33m>[39m
 [90m     |[39m                      
     [31m[1m^[22m[39m
 [90m 132 |[39m                      
   [33m<[39m[33mdiv[39m 
className[33m=[39m[32m"w-16 h-16 
mx-auto mb-4 rounded-full 
bg-[var(--bg-tertiary)] flex 
items-center 
justify-center"[39m[33m>[39m
 [90m 133 |[39m                      
       [33m<[39m[33mBuilding2[39m 
className[33m=[39m[32m"w-8 h-8 
text-[var(--text-tertiary)]"[39m 
[33m/[39m[33m>[39m
 [90m 134 |[39m                      
   [33m<[39m[33m/[39m[33mdiv[39m
[33m>[39m[0m
Next.js build worker exited with code: 
1 and signal: null
